// Jest Snapshot v1, https://goo.gl/fbAQLP

exports[`Login component should render as expected 1`] = `
ShallowWrapper {
  "length": 1,
  Symbol(enzyme.__root__): [Circular],
  Symbol(enzyme.__unrendered__): <Login />,
  Symbol(enzyme.__renderer__): Object {
    "batchedUpdates": [Function],
    "getNode": [Function],
    "render": [Function],
    "simulateEvent": [Function],
    "unmount": [Function],
  },
  Symbol(enzyme.__node__): Object {
    "instance": null,
    "key": undefined,
    "nodeType": "host",
    "props": Object {
      "children": Array [
        <Footer />,
        <section
          className="App-intro"
>
          <form
                    className="content"
                    id="login"
                    onSubmit={[Function]}
          >
                    <input
                              className="username"
                              name="username"
                              onChange={[Function]}
                              placeholder="username"
                              type="text"
                              value={undefined}
                    />
                    <input
                              className="password"
                              name="password"
                              onChange={[Function]}
                              placeholder="password"
                              type="password"
                              value={undefined}
                    />
                    <button
                              className="loginbutton"
                              id="loginbutton"
                    >
                              Login
                    </button>
                    <section
                              className="browser"
                    >
                              Recomended browsers are Chrome, Safari or Firefox
                    </section>
          </form>
</section>,
        <Footer />,
      ],
      "className": "App",
    },
    "ref": null,
    "rendered": Array [
      Object {
        "instance": null,
        "key": undefined,
        "nodeType": "class",
        "props": Object {},
        "ref": null,
        "rendered": null,
        "type": [Function],
      },
      Object {
        "instance": null,
        "key": undefined,
        "nodeType": "host",
        "props": Object {
          "children": <form
            className="content"
            id="login"
            onSubmit={[Function]}
>
            <input
                        className="username"
                        name="username"
                        onChange={[Function]}
                        placeholder="username"
                        type="text"
                        value={undefined}
            />
            <input
                        className="password"
                        name="password"
                        onChange={[Function]}
                        placeholder="password"
                        type="password"
                        value={undefined}
            />
            <button
                        className="loginbutton"
                        id="loginbutton"
            >
                        Login
            </button>
            <section
                        className="browser"
            >
                        Recomended browsers are Chrome, Safari or Firefox
            </section>
</form>,
          "className": "App-intro",
        },
        "ref": null,
        "rendered": Object {
          "instance": null,
          "key": undefined,
          "nodeType": "host",
          "props": Object {
            "children": Array [
              <input
                className="username"
                name="username"
                onChange={[Function]}
                placeholder="username"
                type="text"
                value={undefined}
/>,
              <input
                className="password"
                name="password"
                onChange={[Function]}
                placeholder="password"
                type="password"
                value={undefined}
/>,
              <button
                className="loginbutton"
                id="loginbutton"
>
                Login
</button>,
              <section
                className="browser"
>
                Recomended browsers are Chrome, Safari or Firefox
</section>,
            ],
            "className": "content",
            "id": "login",
            "onSubmit": [Function],
          },
          "ref": null,
          "rendered": Array [
            Object {
              "instance": null,
              "key": undefined,
              "nodeType": "host",
              "props": Object {
                "className": "username",
                "name": "username",
                "onChange": [Function],
                "placeholder": "username",
                "type": "text",
                "value": undefined,
              },
              "ref": null,
              "rendered": null,
              "type": "input",
            },
            Object {
              "instance": null,
              "key": undefined,
              "nodeType": "host",
              "props": Object {
                "className": "password",
                "name": "password",
                "onChange": [Function],
                "placeholder": "password",
                "type": "password",
                "value": undefined,
              },
              "ref": null,
              "rendered": null,
              "type": "input",
            },
            Object {
              "instance": null,
              "key": undefined,
              "nodeType": "host",
              "props": Object {
                "children": "Login",
                "className": "loginbutton",
                "id": "loginbutton",
              },
              "ref": null,
              "rendered": "Login",
              "type": "button",
            },
            Object {
              "instance": null,
              "key": undefined,
              "nodeType": "host",
              "props": Object {
                "children": "Recomended browsers are Chrome, Safari or Firefox",
                "className": "browser",
              },
              "ref": null,
              "rendered": "Recomended browsers are Chrome, Safari or Firefox",
              "type": "section",
            },
          ],
          "type": "form",
        },
        "type": "section",
      },
      Object {
        "instance": null,
        "key": undefined,
        "nodeType": "class",
        "props": Object {},
        "ref": null,
        "rendered": null,
        "type": [Function],
      },
    ],
    "type": "div",
  },
  Symbol(enzyme.__nodes__): Array [
    Object {
      "instance": null,
      "key": undefined,
      "nodeType": "host",
      "props": Object {
        "children": Array [
          <Footer />,
          <section
            className="App-intro"
>
            <form
                        className="content"
                        id="login"
                        onSubmit={[Function]}
            >
                        <input
                                    className="username"
                                    name="username"
                                    onChange={[Function]}
                                    placeholder="username"
                                    type="text"
                                    value={undefined}
                        />
                        <input
                                    className="password"
                                    name="password"
                                    onChange={[Function]}
                                    placeholder="password"
                                    type="password"
                                    value={undefined}
                        />
                        <button
                                    className="loginbutton"
                                    id="loginbutton"
                        >
                                    Login
                        </button>
                        <section
                                    className="browser"
                        >
                                    Recomended browsers are Chrome, Safari or Firefox
                        </section>
            </form>
</section>,
          <Footer />,
        ],
        "className": "App",
      },
      "ref": null,
      "rendered": Array [
        Object {
          "instance": null,
          "key": undefined,
          "nodeType": "class",
          "props": Object {},
          "ref": null,
          "rendered": null,
          "type": [Function],
        },
        Object {
          "instance": null,
          "key": undefined,
          "nodeType": "host",
          "props": Object {
            "children": <form
              className="content"
              id="login"
              onSubmit={[Function]}
>
              <input
                            className="username"
                            name="username"
                            onChange={[Function]}
                            placeholder="username"
                            type="text"
                            value={undefined}
              />
              <input
                            className="password"
                            name="password"
                            onChange={[Function]}
                            placeholder="password"
                            type="password"
                            value={undefined}
              />
              <button
                            className="loginbutton"
                            id="loginbutton"
              >
                            Login
              </button>
              <section
                            className="browser"
              >
                            Recomended browsers are Chrome, Safari or Firefox
              </section>
</form>,
            "className": "App-intro",
          },
          "ref": null,
          "rendered": Object {
            "instance": null,
            "key": undefined,
            "nodeType": "host",
            "props": Object {
              "children": Array [
                <input
                  className="username"
                  name="username"
                  onChange={[Function]}
                  placeholder="username"
                  type="text"
                  value={undefined}
/>,
                <input
                  className="password"
                  name="password"
                  onChange={[Function]}
                  placeholder="password"
                  type="password"
                  value={undefined}
/>,
                <button
                  className="loginbutton"
                  id="loginbutton"
>
                  Login
</button>,
                <section
                  className="browser"
>
                  Recomended browsers are Chrome, Safari or Firefox
</section>,
              ],
              "className": "content",
              "id": "login",
              "onSubmit": [Function],
            },
            "ref": null,
            "rendered": Array [
              Object {
                "instance": null,
                "key": undefined,
                "nodeType": "host",
                "props": Object {
                  "className": "username",
                  "name": "username",
                  "onChange": [Function],
                  "placeholder": "username",
                  "type": "text",
                  "value": undefined,
                },
                "ref": null,
                "rendered": null,
                "type": "input",
              },
              Object {
                "instance": null,
                "key": undefined,
                "nodeType": "host",
                "props": Object {
                  "className": "password",
                  "name": "password",
                  "onChange": [Function],
                  "placeholder": "password",
                  "type": "password",
                  "value": undefined,
                },
                "ref": null,
                "rendered": null,
                "type": "input",
              },
              Object {
                "instance": null,
                "key": undefined,
                "nodeType": "host",
                "props": Object {
                  "children": "Login",
                  "className": "loginbutton",
                  "id": "loginbutton",
                },
                "ref": null,
                "rendered": "Login",
                "type": "button",
              },
              Object {
                "instance": null,
                "key": undefined,
                "nodeType": "host",
                "props": Object {
                  "children": "Recomended browsers are Chrome, Safari or Firefox",
                  "className": "browser",
                },
                "ref": null,
                "rendered": "Recomended browsers are Chrome, Safari or Firefox",
                "type": "section",
              },
            ],
            "type": "form",
          },
          "type": "section",
        },
        Object {
          "instance": null,
          "key": undefined,
          "nodeType": "class",
          "props": Object {},
          "ref": null,
          "rendered": null,
          "type": [Function],
        },
      ],
      "type": "div",
    },
  ],
  Symbol(enzyme.__options__): Object {
    "adapter": ReactSixteenAdapter {
      "options": Object {
        "enableComponentDidUpdateOnSetState": true,
      },
    },
  },
}
`;
